I'm sorry, but errors were detected in your script. Please correct the
errors listed below, and try again.


File "game/script.rpy", line 196: expected simple expression
    stop music fadeout
                      ^

Ren'Py Version: Ren'Py 8.3.7.25031702
Tue Apr 29 21:41:58 2025
